
Merging object attributes


Discarded input sections

 .group         0x0000000000000000        0xc build/main.o
 .group         0x0000000000000000        0xc build/main.o
 .group         0x0000000000000000        0xc build/main.o
 .group         0x0000000000000000        0xc build/main.o
 .group         0x0000000000000000        0xc build/main.o
 .comment       0x0000000000000000       0x13 build/main.o
 .group         0x0000000000000000        0xc build/virtio_mmio.o
 .group         0x0000000000000000        0xc build/virtio_mmio.o
 .group         0x0000000000000000        0xc build/virtio_mmio.o
 .group         0x0000000000000000        0xc build/virtio_mmio.o
 .debug_macro   0x0000000000000000      0x892 build/virtio_mmio.o
 .debug_macro   0x0000000000000000      0x523 build/virtio_mmio.o
 .comment       0x0000000000000000       0x13 build/virtio_mmio.o
 .group         0x0000000000000000        0xc build/virtqueue.o
 .group         0x0000000000000000        0xc build/virtqueue.o
 .group         0x0000000000000000        0xc build/virtqueue.o
 .debug_macro   0x0000000000000000      0x892 build/virtqueue.o
 .debug_macro   0x0000000000000000      0x523 build/virtqueue.o
 .comment       0x0000000000000000       0x13 build/virtqueue.o
 .group         0x0000000000000000        0xc build/virtio_net.o
 .group         0x0000000000000000        0xc build/virtio_net.o
 .group         0x0000000000000000        0xc build/virtio_net.o
 .group         0x0000000000000000        0xc build/virtio_net.o
 .group         0x0000000000000000        0xc build/virtio_net.o
 .group         0x0000000000000000        0xc build/virtio_net.o
 .debug_macro   0x0000000000000000      0x892 build/virtio_net.o
 .debug_macro   0x0000000000000000      0x523 build/virtio_net.o
 .debug_macro   0x0000000000000000       0x4c build/virtio_net.o
 .debug_macro   0x0000000000000000       0x10 build/virtio_net.o
 .debug_macro   0x0000000000000000       0x2e build/virtio_net.o
 .comment       0x0000000000000000       0x13 build/virtio_net.o
 .group         0x0000000000000000        0xc build/eth.o
 .group         0x0000000000000000        0xc build/eth.o
 .group         0x0000000000000000        0xc build/eth.o
 .debug_macro   0x0000000000000000      0x892 build/eth.o
 .debug_macro   0x0000000000000000      0x523 build/eth.o
 .debug_macro   0x0000000000000000       0x2e build/eth.o
 .comment       0x0000000000000000       0x13 build/eth.o
 .group         0x0000000000000000        0xc build/uart.o
 .group         0x0000000000000000        0xc build/uart.o
 .group         0x0000000000000000        0xc build/uart.o
 .debug_macro   0x0000000000000000      0x892 build/uart.o
 .debug_macro   0x0000000000000000      0x523 build/uart.o
 .debug_macro   0x0000000000000000       0x2e build/uart.o
 .comment       0x0000000000000000       0x13 build/uart.o
 .group         0x0000000000000000        0xc build/panic.o
 .group         0x0000000000000000        0xc build/panic.o
 .debug_macro   0x0000000000000000      0x892 build/panic.o
 .debug_macro   0x0000000000000000      0x523 build/panic.o
 .comment       0x0000000000000000       0x13 build/panic.o
 .group         0x0000000000000000        0xc build/trap.o
 .group         0x0000000000000000        0xc build/trap.o
 .debug_macro   0x0000000000000000      0x892 build/trap.o
 .debug_macro   0x0000000000000000      0x523 build/trap.o
 .comment       0x0000000000000000       0x13 build/trap.o

Memory Configuration

Name             Origin             Length             Attributes
RAM              0x0000000080000000 0x0000000008000000 xrw
*default*        0x0000000000000000 0xffffffffffffffff

Linker script and memory map

LOAD build/main.o
LOAD build/virtio_mmio.o
LOAD build/virtqueue.o
LOAD build/virtio_net.o
LOAD build/eth.o
LOAD build/uart.o
LOAD build/panic.o
LOAD build/trap.o
LOAD build/start.o
LOAD build/trap_asm.o
                0x0000000080000000                . = ORIGIN (RAM)

.text           0x0000000080000000     0x2be2
 *(.text.init)
 .text.init     0x0000000080000000       0x3e build/start.o
                0x0000000080000000                _start
 *(.text*)
 .text          0x000000008000003e      0x18c build/main.o
                0x000000008000008c                main
 .text          0x00000000800001ca      0x976 build/virtio_mmio.o
                0x00000000800001ca                mmio_read8
                0x00000000800001f6                mmio_read32
                0x000000008000021e                mmio_write32
                0x0000000080000250                virtio_mmio_probe
                0x00000000800003f0                virtio_mmio_config_read8
                0x0000000080000426                virtio_mmio_read_device_features
                0x000000008000046e                virtio_mmio_write_driver_features
                0x00000000800004c6                virtio_mmio_read_status
                0x00000000800004f2                virtio_mmio_write_status
                0x0000000080000528                virtio_mmio_set_status
                0x0000000080000614                virtio_mmio_dump
                0x0000000080000894                virtio_mmio_setup_queue
                0x00000000800009e6                virtio_mmio_notify_queue
                0x0000000080000a1c                virtio_mmio_find_device
                0x0000000080000aae                virtio_mmio_scan
 .text          0x0000000080000b40      0x2b8 build/virtqueue.o
                0x0000000080000b8e                virtqueue_memory_barrier
                0x0000000080000ba4                virtqueue_init
                0x0000000080000c22                virtqueue_add_buffer
                0x0000000080000d20                virtqueue_get_used
                0x0000000080000ddc                virtqueue_mem_addr
 .text          0x0000000080000df8      0xaac build/virtio_net.o
                0x000000008000115e                virtio_net_init
                0x000000008000154a                virtio_net_netif
                0x0000000080001564                virtio_net_poll_tx
                0x00000000800015fa                virtio_net_tx
                0x000000008000178c                virtio_net_poll_rx
 .text          0x00000000800018a4      0x458 build/eth.o
                0x0000000080001a46                eth_input
                0x0000000080001b86                eth_output
 .text          0x0000000080001cfc      0x1ba build/uart.o
                0x0000000080001d54                uart_init
                0x0000000080001db0                uart_putc
                0x0000000080001df0                uart_puts
                0x0000000080001e48                uart_puthex64
 .text          0x0000000080001eb6       0x54 build/panic.o
                0x0000000080001eb6                panic
 .text          0x0000000080001f0a      0x380 build/trap.o
                0x00000000800020c6                trap_handler
 .text          0x000000008000228a        0x0 build/start.o
 .text          0x000000008000228a        0x0 build/trap_asm.o
 .text.trap     0x000000008000228a       0x66 build/trap_asm.o
                0x000000008000228a                trap_entry
 *(.rodata*)
 .rodata        0x00000000800022f0      0x10e build/main.o
 *fill*         0x00000000800023fe        0x2 
 .rodata        0x0000000080002400      0x209 build/virtio_mmio.o
 *fill*         0x0000000080002609        0x7 
 .rodata        0x0000000080002610      0x279 build/virtio_net.o
 *fill*         0x0000000080002889        0x7 
 .rodata        0x0000000080002890       0xea build/eth.o
 *fill*         0x000000008000297a        0x6 
 .rodata        0x0000000080002980       0x19 build/uart.o
 *fill*         0x0000000080002999        0x7 
 .rodata        0x00000000800029a0       0x17 build/panic.o
 *fill*         0x00000000800029b7        0x1 
 .rodata        0x00000000800029b8      0x22a build/trap.o

.rela.dyn       0x0000000080002be8        0x0
 .rela.text.init
                0x0000000080002be8        0x0 build/main.o

.data           0x0000000080002bf0        0x8
 *(.data*)
 .data          0x0000000080002bf0        0x8 build/main.o
 .data          0x0000000080002bf8        0x0 build/virtio_mmio.o
 .data          0x0000000080002bf8        0x0 build/virtqueue.o
 .data          0x0000000080002bf8        0x0 build/virtio_net.o
 .data          0x0000000080002bf8        0x0 build/eth.o
 .data          0x0000000080002bf8        0x0 build/uart.o
 .data          0x0000000080002bf8        0x0 build/panic.o
 .data          0x0000000080002bf8        0x0 build/trap.o
 .data          0x0000000080002bf8        0x0 build/start.o
 .data          0x0000000080002bf8        0x0 build/trap_asm.o

.bss            0x0000000080003000     0x8dea
                0x0000000080003000                __bss_start = .
 *(.bss*)
 .bss           0x0000000080003000        0x8 build/main.o
 .bss           0x0000000080003008        0x0 build/virtio_mmio.o
 .bss           0x0000000080003008        0x0 build/virtqueue.o
 *fill*         0x0000000080003008      0xff8 
 .bss           0x0000000080004000     0x7800 build/virtio_net.o
 .bss           0x000000008000b800      0x5ea build/eth.o
 .bss           0x000000008000bdea        0x0 build/uart.o
 .bss           0x000000008000bdea        0x0 build/panic.o
 .bss           0x000000008000bdea        0x0 build/trap.o
 .bss           0x000000008000bdea        0x0 build/start.o
 .bss           0x000000008000bdea        0x0 build/trap_asm.o
 *(COMMON)
                0x000000008000bdea                __bss_end = .
                0x000000008000bdf0                . = ALIGN (0x10)
                0x000000008000fdf0                . = (. + 0x4000)
                0x000000008000fdf0                __stack_top = .

/DISCARD/
 *(.comment)
 *(.eh_frame)
OUTPUT(build/hello-uart.elf elf64-littleriscv)

.debug_info     0x0000000000000000     0x225b
 .debug_info    0x0000000000000000      0x336 build/main.o
 .debug_info    0x0000000000000336      0x6d9 build/virtio_mmio.o
 .debug_info    0x0000000000000a0f      0x414 build/virtqueue.o
 .debug_info    0x0000000000000e23      0xa2c build/virtio_net.o
 .debug_info    0x000000000000184f      0x46b build/eth.o
 .debug_info    0x0000000000001cba      0x1ee build/uart.o
 .debug_info    0x0000000000001ea8       0xbe build/panic.o
 .debug_info    0x0000000000001f66      0x2a5 build/trap.o
 .debug_info    0x000000000000220b       0x28 build/start.o
 .debug_info    0x0000000000002233       0x28 build/trap_asm.o

.debug_abbrev   0x0000000000000000      0xc6f
 .debug_abbrev  0x0000000000000000      0x16f build/main.o
 .debug_abbrev  0x000000000000016f      0x1f8 build/virtio_mmio.o
 .debug_abbrev  0x0000000000000367      0x184 build/virtqueue.o
 .debug_abbrev  0x00000000000004eb      0x2ce build/virtio_net.o
 .debug_abbrev  0x00000000000007b9      0x1c4 build/eth.o
 .debug_abbrev  0x000000000000097d      0x11b build/uart.o
 .debug_abbrev  0x0000000000000a98       0x8b build/panic.o
 .debug_abbrev  0x0000000000000b23      0x124 build/trap.o
 .debug_abbrev  0x0000000000000c47       0x14 build/start.o
 .debug_abbrev  0x0000000000000c5b       0x14 build/trap_asm.o

.debug_aranges  0x0000000000000000      0x1e0
 .debug_aranges
                0x0000000000000000       0x30 build/main.o
 .debug_aranges
                0x0000000000000030       0x30 build/virtio_mmio.o
 .debug_aranges
                0x0000000000000060       0x30 build/virtqueue.o
 .debug_aranges
                0x0000000000000090       0x30 build/virtio_net.o
 .debug_aranges
                0x00000000000000c0       0x30 build/eth.o
 .debug_aranges
                0x00000000000000f0       0x30 build/uart.o
 .debug_aranges
                0x0000000000000120       0x30 build/panic.o
 .debug_aranges
                0x0000000000000150       0x30 build/trap.o
 .debug_aranges
                0x0000000000000180       0x30 build/start.o
 .debug_aranges
                0x00000000000001b0       0x30 build/trap_asm.o

.debug_macro    0x0000000000000000     0x1229
 .debug_macro   0x0000000000000000       0x6b build/main.o
 .debug_macro   0x000000000000006b      0x892 build/main.o
 .debug_macro   0x00000000000008fd      0x523 build/main.o
 .debug_macro   0x0000000000000e20       0x10 build/main.o
 .debug_macro   0x0000000000000e30       0x2e build/main.o
 .debug_macro   0x0000000000000e5e       0x52 build/main.o
 .debug_macro   0x0000000000000eb0       0xac build/virtio_mmio.o
 .debug_macro   0x0000000000000f5c       0x4c build/virtio_mmio.o
 .debug_macro   0x0000000000000fa8       0x2e build/virtio_mmio.o
 .debug_macro   0x0000000000000fd6       0x33 build/virtqueue.o
 .debug_macro   0x0000000000001009       0x28 build/virtqueue.o
 .debug_macro   0x0000000000001031       0x8a build/virtio_net.o
 .debug_macro   0x00000000000010bb       0x2e build/virtio_net.o
 .debug_macro   0x00000000000010e9       0x57 build/eth.o
 .debug_macro   0x0000000000001140       0x79 build/uart.o
 .debug_macro   0x00000000000011b9       0x38 build/panic.o
 .debug_macro   0x00000000000011f1       0x38 build/trap.o

.debug_line     0x0000000000000000     0x1c9a
 .debug_line    0x0000000000000000      0x17a build/main.o
 .debug_line    0x000000000000017a      0x6b5 build/virtio_mmio.o
 .debug_line    0x000000000000082f      0x2ff build/virtqueue.o
 .debug_line    0x0000000000000b2e      0x7e8 build/virtio_net.o
 .debug_line    0x0000000000001316      0x388 build/eth.o
 .debug_line    0x000000000000169e      0x1c0 build/uart.o
 .debug_line    0x000000000000185e       0x96 build/panic.o
 .debug_line    0x00000000000018f4      0x1d0 build/trap.o
 .debug_line    0x0000000000001ac4       0x8e build/start.o
 .debug_line    0x0000000000001b52      0x148 build/trap_asm.o

.debug_str      0x0000000000000000     0x4677
 .debug_str     0x0000000000000000     0x4677 build/main.o
                                       0x408f (size before relaxing)
 .debug_str     0x0000000000004677        0x0 build/virtio_mmio.o
                                       0x4342 (size before relaxing)
 .debug_str     0x0000000000004677        0x0 build/virtqueue.o
                                       0x3e44 (size before relaxing)
 .debug_str     0x0000000000004677        0x0 build/virtio_net.o
                                       0x4427 (size before relaxing)
 .debug_str     0x0000000000004677        0x0 build/eth.o
                                       0x3e8f (size before relaxing)
 .debug_str     0x0000000000004677        0x0 build/uart.o
                                       0x3e1e (size before relaxing)
 .debug_str     0x0000000000004677        0x0 build/panic.o
                                       0x3c7d (size before relaxing)
 .debug_str     0x0000000000004677        0x0 build/trap.o
                                       0x3ce1 (size before relaxing)
 .debug_str     0x0000000000004677        0x0 build/start.o
                                         0x50 (size before relaxing)
 .debug_str     0x0000000000004677        0x0 build/trap_asm.o
                                         0x4f (size before relaxing)

.debug_line_str
                0x0000000000000000      0x1a3
 .debug_line_str
                0x0000000000000000      0x1a3 build/main.o
                                        0x131 (size before relaxing)
 .debug_line_str
                0x00000000000001a3        0x0 build/virtio_mmio.o
                                        0x12b (size before relaxing)
 .debug_line_str
                0x00000000000001a3        0x0 build/virtqueue.o
                                        0x107 (size before relaxing)
 .debug_line_str
                0x00000000000001a3        0x0 build/virtio_net.o
                                        0x147 (size before relaxing)
 .debug_line_str
                0x00000000000001a3        0x0 build/eth.o
                                        0x108 (size before relaxing)
 .debug_line_str
                0x00000000000001a3        0x0 build/uart.o
                                        0x101 (size before relaxing)
 .debug_line_str
                0x00000000000001a3        0x0 build/panic.o
                                        0x100 (size before relaxing)
 .debug_line_str
                0x00000000000001a3        0x0 build/trap.o
                                         0xfc (size before relaxing)
 .debug_line_str
                0x00000000000001a3        0x0 build/start.o
                                         0x42 (size before relaxing)
 .debug_line_str
                0x00000000000001a3        0x0 build/trap_asm.o
                                         0x41 (size before relaxing)

.note.GNU-stack
                0x0000000000000000        0x0
 .note.GNU-stack
                0x0000000000000000        0x0 build/main.o
 .note.GNU-stack
                0x0000000000000000        0x0 build/virtio_mmio.o
 .note.GNU-stack
                0x0000000000000000        0x0 build/virtqueue.o
 .note.GNU-stack
                0x0000000000000000        0x0 build/virtio_net.o
 .note.GNU-stack
                0x0000000000000000        0x0 build/eth.o
 .note.GNU-stack
                0x0000000000000000        0x0 build/uart.o
 .note.GNU-stack
                0x0000000000000000        0x0 build/panic.o
 .note.GNU-stack
                0x0000000000000000        0x0 build/trap.o

.riscv.attributes
                0x0000000000000000       0x67
 .riscv.attributes
                0x0000000000000000       0x63 build/main.o
 .riscv.attributes
                0x0000000000000063       0x63 build/virtio_mmio.o
 .riscv.attributes
                0x00000000000000c6       0x63 build/virtqueue.o
 .riscv.attributes
                0x0000000000000129       0x63 build/virtio_net.o
 .riscv.attributes
                0x000000000000018c       0x63 build/eth.o
 .riscv.attributes
                0x00000000000001ef       0x63 build/uart.o
 .riscv.attributes
                0x0000000000000252       0x67 build/panic.o
 .riscv.attributes
                0x00000000000002b9       0x67 build/trap.o
 .riscv.attributes
                0x0000000000000320       0x65 build/start.o
 .riscv.attributes
                0x0000000000000385       0x65 build/trap_asm.o

.debug_frame    0x0000000000000000      0xae8
 .debug_frame   0x0000000000000000       0x68 build/main.o
 .debug_frame   0x0000000000000068      0x370 build/virtio_mmio.o
 .debug_frame   0x00000000000003d8      0x130 build/virtqueue.o
 .debug_frame   0x0000000000000508      0x280 build/virtio_net.o
 .debug_frame   0x0000000000000788      0x190 build/eth.o
 .debug_frame   0x0000000000000918      0x130 build/uart.o
 .debug_frame   0x0000000000000a48       0x38 build/panic.o
 .debug_frame   0x0000000000000a80       0x68 build/trap.o
